// Jest Snapshot v1, https://goo.gl/fbAQLP

exports[`Login component renders Login component as expected 1`] = `
<div>
  <div
    className="header-container"
  >
    <header
      className="header"
    >
      <div
        className="header-info"
      >
        <a
          className="navbar-logo"
          href="/"
          onClick={[Function]}
        >
          <i
            className="fas fa-laptop-code"
            id="logo"
          />
        </a>
        <h2>
          MHAC
        </h2>
      </div>
    </header>
    <h2
      className="teacher-connect"
    >
      Teachers Connect
    </h2>
  </div>
  <div
    className="main-container"
  >
    <div
      className="avatar-container"
    >
      <img
        alt="person logo"
        className="icon-avatar"
        src="https://icons-for-free.com/iconfiles/png/512/avatar+person+profile+user+icon-1320166578424287581.png"
      />
    </div>
    <div
      className="login"
    >
      <form
        action=""
      >
        <label
          htmlFor="username"
        >
          Username: 
        </label>
        <input
          className="login-input"
          id="username"
          placeholder="Username"
          required={true}
          type="text"
        />
         
        <br />
        <label
          htmlFor="password"
        >
          Password: 
        </label>
        <input
          className="login-input"
          id="password"
          placeholder="Password"
          required={true}
          type="text"
        />
        <br />
        <a
          href="/viewStudents"
          onClick={[Function]}
        >
          <button
            className="login-btn"
            type="submit"
          >
            Login
          </button>
        </a>
      </form>
    </div>
  </div>
</div>
`;
